// Jest Snapshot v1, https://goo.gl/fbAQLP

exports[`Button renders correctly 1`] = `<button class="k-btn-container k-btn-default">Follow</button>`;
